  Determining projects to restore...
d:\MONEY\2026\TAN_TAN_LOC\TTL_API\src\Services\CoreService\TTL.CoreService.Application\TTL.CoreService.Application.csproj : warning NU1903: Package 'Newtonsoft.Json' 9.0.1 has a known high severity vulnerability, https://github.com/advisories/GHSA-5crp-9r3c-p9vr [d:\MONEY\2026\TAN_TAN_LOC\TTL_API\src\Services\CoreService\TTL.CoreService.Api\TTL.CoreService.Api.csproj]
d:\MONEY\2026\TAN_TAN_LOC\TTL_API\src\Services\CoreService\TTL.CoreService.Infrastructure\TTL.CoreService.Infrastructure.csproj : warning NU1903: Package 'Newtonsoft.Json' 9.0.1 has a known high severity vulnerability, https://github.com/advisories/GHSA-5crp-9r3c-p9vr [d:\MONEY\2026\TAN_TAN_LOC\TTL_API\src\Services\CoreService\TTL.CoreService.Api\TTL.CoreService.Api.csproj]
d:\MONEY\2026\TAN_TAN_LOC\TTL_API\src\Services\CoreService\TTL.CoreService.Domain\TTL.CoreService.Domain.csproj : warning NU1903: Package 'Newtonsoft.Json' 9.0.1 has a known high severity vulnerability, https://github.com/advisories/GHSA-5crp-9r3c-p9vr [d:\MONEY\2026\TAN_TAN_LOC\TTL_API\src\Services\CoreService\TTL.CoreService.Api\TTL.CoreService.Api.csproj]
d:\MONEY\2026\TAN_TAN_LOC\TTL_API\src\Shared\TTL.BuildingBlocks\TTL.BuildingBlocks.csproj : warning NU1903: Package 'Newtonsoft.Json' 9.0.1 has a known high severity vulnerability, https://github.com/advisories/GHSA-5crp-9r3c-p9vr [d:\MONEY\2026\TAN_TAN_LOC\TTL_API\src\Services\CoreService\TTL.CoreService.Api\TTL.CoreService.Api.csproj]
  All projects are up-to-date for restore.
C:\Program Files\dotnet\sdk\10.0.200-preview.0.26103.119\Sdks\Microsoft.NET.Sdk\targets\Microsoft.NET.RuntimeIdentifierInference.targets(383,5): message NETSDK1057: You are using a preview version of .NET. See: https://aka.ms/dotnet-support-policy [d:\MONEY\2026\TAN_TAN_LOC\TTL_API\src\Services\CoreService\TTL.CoreService.Api\TTL.CoreService.Api.csproj]
C:\Program Files\dotnet\sdk\10.0.200-preview.0.26103.119\Sdks\Microsoft.NET.Sdk\targets\Microsoft.NET.RuntimeIdentifierInference.targets(383,5): message NETSDK1057: You are using a preview version of .NET. See: https://aka.ms/dotnet-support-policy [d:\MONEY\2026\TAN_TAN_LOC\TTL_API\src\Services\CoreService\TTL.CoreService.Infrastructure\TTL.CoreService.Infrastructure.csproj]
C:\Program Files\dotnet\sdk\10.0.200-preview.0.26103.119\Sdks\Microsoft.NET.Sdk\targets\Microsoft.NET.RuntimeIdentifierInference.targets(383,5): message NETSDK1057: You are using a preview version of .NET. See: https://aka.ms/dotnet-support-policy [d:\MONEY\2026\TAN_TAN_LOC\TTL_API\src\Services\CoreService\TTL.CoreService.Domain\TTL.CoreService.Domain.csproj]
d:\MONEY\2026\TAN_TAN_LOC\TTL_API\src\Shared\TTL.BuildingBlocks\TTL.BuildingBlocks.csproj : warning NU1903: Package 'Newtonsoft.Json' 9.0.1 has a known high severity vulnerability, https://github.com/advisories/GHSA-5crp-9r3c-p9vr
d:\MONEY\2026\TAN_TAN_LOC\TTL_API\src\Services\CoreService\TTL.CoreService.Infrastructure\TTL.CoreService.Infrastructure.csproj : warning NU1903: Package 'Newtonsoft.Json' 9.0.1 has a known high severity vulnerability, https://github.com/advisories/GHSA-5crp-9r3c-p9vr
C:\Program Files\dotnet\sdk\10.0.200-preview.0.26103.119\Sdks\Microsoft.NET.Sdk\targets\Microsoft.NET.RuntimeIdentifierInference.targets(383,5): message NETSDK1057: You are using a preview version of .NET. See: https://aka.ms/dotnet-support-policy [d:\MONEY\2026\TAN_TAN_LOC\TTL_API\src\Services\CoreService\TTL.CoreService.Application\TTL.CoreService.Application.csproj]
d:\MONEY\2026\TAN_TAN_LOC\TTL_API\src\Services\CoreService\TTL.CoreService.Application\TTL.CoreService.Application.csproj : warning NU1903: Package 'Newtonsoft.Json' 9.0.1 has a known high severity vulnerability, https://github.com/advisories/GHSA-5crp-9r3c-p9vr
d:\MONEY\2026\TAN_TAN_LOC\TTL_API\src\Services\CoreService\TTL.CoreService.Domain\TTL.CoreService.Domain.csproj : warning NU1903: Package 'Newtonsoft.Json' 9.0.1 has a known high severity vulnerability, https://github.com/advisories/GHSA-5crp-9r3c-p9vr
  TTL.BuildingBlocks -> d:\MONEY\2026\TAN_TAN_LOC\TTL_API\src\Shared\TTL.BuildingBlocks\bin\Debug\net10.0\TTL.BuildingBlocks.dll
  TTL.CoreService.Domain -> d:\MONEY\2026\TAN_TAN_LOC\TTL_API\src\Services\CoreService\TTL.CoreService.Domain\bin\Debug\net10.0\TTL.CoreService.Domain.dll
d:\MONEY\2026\TAN_TAN_LOC\TTL_API\src\Services\CoreService\TTL.CoreService.Application\Features\Administration\Roles\Queries\GetRoleById\GetRoleByIdQueryHandler.cs(20,52): warning CS8603: Possible null reference return. [d:\MONEY\2026\TAN_TAN_LOC\TTL_API\src\Services\CoreService\TTL.CoreService.Application\TTL.CoreService.Application.csproj]
d:\MONEY\2026\TAN_TAN_LOC\TTL_API\src\Services\CoreService\TTL.CoreService.Application\Features\HumanResources\Users\Queries\GetMyTeam\GetMyTeamQueryHandler.cs(33,50): warning CS8603: Possible null reference return. [d:\MONEY\2026\TAN_TAN_LOC\TTL_API\src\Services\CoreService\TTL.CoreService.Application\TTL.CoreService.Application.csproj]
d:\MONEY\2026\TAN_TAN_LOC\TTL_API\src\Services\CoreService\TTL.CoreService.Application\Features\HumanResources\Users\Queries\GetMyTeam\GetMyTeamQueryHandler.cs(36,41): warning CS8603: Possible null reference return. [d:\MONEY\2026\TAN_TAN_LOC\TTL_API\src\Services\CoreService\TTL.CoreService.Application\TTL.CoreService.Application.csproj]
d:\MONEY\2026\TAN_TAN_LOC\TTL_API\src\Services\CoreService\TTL.CoreService.Application\Features\HumanResources\Users\Queries\GetMyTeam\GetMyTeamQueryHandler.cs(70,58): warning CS8604: Possible null reference argument for parameter 'id' in 'Task<Position?> IRepository<Position>.GetByIdAsync(string id, CancellationToken cancellationToken = default(CancellationToken))'. [d:\MONEY\2026\TAN_TAN_LOC\TTL_API\src\Services\CoreService\TTL.CoreService.Application\TTL.CoreService.Application.csproj]
d:\MONEY\2026\TAN_TAN_LOC\TTL_API\src\Services\CoreService\TTL.CoreService.Application\Features\HumanResources\Users\Queries\GetMyTeam\GetMyTeamQueryHandler.cs(71,61): warning CS8604: Possible null reference argument for parameter 'id' in 'Task<Department?> IRepository<Department>.GetByIdAsync(string id, CancellationToken cancellationToken = default(CancellationToken))'. [d:\MONEY\2026\TAN_TAN_LOC\TTL_API\src\Services\CoreService\TTL.CoreService.Application\TTL.CoreService.Application.csproj]
d:\MONEY\2026\TAN_TAN_LOC\TTL_API\src\Services\CoreService\TTL.CoreService.Application\Features\HumanResources\Attendance\Queries\GetAttendanceList\GetAttendanceListQueryHandler.cs(46,18): warning CS8603: Possible null reference return. [d:\MONEY\2026\TAN_TAN_LOC\TTL_API\src\Services\CoreService\TTL.CoreService.Application\TTL.CoreService.Application.csproj]
d:\MONEY\2026\TAN_TAN_LOC\TTL_API\src\Services\CoreService\TTL.CoreService.Application\Features\HumanResources\Departments\Queries\GetDepartmentById\GetDepartmentByIdQueryHandler.cs(76,30): warning CS8601: Possible null reference assignment. [d:\MONEY\2026\TAN_TAN_LOC\TTL_API\src\Services\CoreService\TTL.CoreService.Application\TTL.CoreService.Application.csproj]
d:\MONEY\2026\TAN_TAN_LOC\TTL_API\src\Services\CoreService\TTL.CoreService.Application\Features\HumanResources\Benefits\Commands\AutoRenewBenefits\AutoRenewBenefitsCommandHandler.cs(31,31): warning CS8629: Nullable value type may be null. [d:\MONEY\2026\TAN_TAN_LOC\TTL_API\src\Services\CoreService\TTL.CoreService.Application\TTL.CoreService.Application.csproj]
d:\MONEY\2026\TAN_TAN_LOC\TTL_API\src\Services\CoreService\TTL.CoreService.Application\Features\HumanResources\Assets\Queries\GetAssetDetail\GetAssetDetailQueryHandler.cs(28,54): warning CS8603: Possible null reference return. [d:\MONEY\2026\TAN_TAN_LOC\TTL_API\src\Services\CoreService\TTL.CoreService.Application\TTL.CoreService.Application.csproj]
d:\MONEY\2026\TAN_TAN_LOC\TTL_API\src\Services\CoreService\TTL.CoreService.Application\Features\HumanResources\Attendance\Commands\CreateBusinessTrip\CreateBusinessTripCommandHandler.cs(33,67): warning CS8604: Possible null reference argument for parameter 'id' in 'Task<Department?> IRepository<Department>.GetByIdAsync(string id, CancellationToken cancellationToken = default(CancellationToken))'. [d:\MONEY\2026\TAN_TAN_LOC\TTL_API\src\Services\CoreService\TTL.CoreService.Application\TTL.CoreService.Application.csproj]
d:\MONEY\2026\TAN_TAN_LOC\TTL_API\src\Services\CoreService\TTL.CoreService.Application\Features\HumanResources\Employees\Queries\GetDigitalProfile\GetDigitalProfileQueryHandler.cs(25,38): warning CS8603: Possible null reference return. [d:\MONEY\2026\TAN_TAN_LOC\TTL_API\src\Services\CoreService\TTL.CoreService.Application\TTL.CoreService.Application.csproj]
d:\MONEY\2026\TAN_TAN_LOC\TTL_API\src\Services\CoreService\TTL.CoreService.Application\Features\HumanResources\Employees\Queries\GetEmployeeDetail\GetEmployeeDetailQueryHandler.cs(44,28): warning CS8601: Possible null reference assignment. [d:\MONEY\2026\TAN_TAN_LOC\TTL_API\src\Services\CoreService\TTL.CoreService.Application\TTL.CoreService.Application.csproj]
d:\MONEY\2026\TAN_TAN_LOC\TTL_API\src\Services\CoreService\TTL.CoreService.Application\Features\HumanResources\Employees\Queries\GetEmployeeDetail\GetEmployeeDetailQueryHandler.cs(45,26): warning CS8601: Possible null reference assignment. [d:\MONEY\2026\TAN_TAN_LOC\TTL_API\src\Services\CoreService\TTL.CoreService.Application\TTL.CoreService.Application.csproj]
d:\MONEY\2026\TAN_TAN_LOC\TTL_API\src\Services\CoreService\TTL.CoreService.Application\Features\HumanResources\Employees\Queries\GetEmployeeDetail\GetEmployeeDetailQueryHandler.cs(46,26): warning CS8601: Possible null reference assignment. [d:\MONEY\2026\TAN_TAN_LOC\TTL_API\src\Services\CoreService\TTL.CoreService.Application\TTL.CoreService.Application.csproj]
d:\MONEY\2026\TAN_TAN_LOC\TTL_API\src\Services\CoreService\TTL.CoreService.Application\Features\HumanResources\Users\Queries\GetMyProfile\GetMyProfileQueryHandler.cs(66,19): error CS0266: Cannot implicitly convert type 'System.DateTime?' to 'System.DateTime'. An explicit conversion exists (are you missing a cast?) [d:\MONEY\2026\TAN_TAN_LOC\TTL_API\src\Services\CoreService\TTL.CoreService.Application\TTL.CoreService.Application.csproj]
d:\MONEY\2026\TAN_TAN_LOC\TTL_API\src\Services\CoreService\TTL.CoreService.Application\Features\HumanResources\Users\Queries\GetMyProfile\GetMyProfileQueryHandler.cs(38,50): warning CS8603: Possible null reference return. [d:\MONEY\2026\TAN_TAN_LOC\TTL_API\src\Services\CoreService\TTL.CoreService.Application\TTL.CoreService.Application.csproj]
d:\MONEY\2026\TAN_TAN_LOC\TTL_API\src\Services\CoreService\TTL.CoreService.Application\Features\HumanResources\Users\Queries\GetMyProfile\GetMyProfileQueryHandler.cs(41,38): warning CS8603: Possible null reference return. [d:\MONEY\2026\TAN_TAN_LOC\TTL_API\src\Services\CoreService\TTL.CoreService.Application\TTL.CoreService.Application.csproj]
d:\MONEY\2026\TAN_TAN_LOC\TTL_API\src\Services\CoreService\TTL.CoreService.Application\Features\HumanResources\Users\Queries\GetMyProfile\GetMyProfileQueryHandler.cs(43,61): warning CS8604: Possible null reference argument for parameter 'id' in 'Task<Department?> IRepository<Department>.GetByIdAsync(string id, CancellationToken cancellationToken = default(CancellationToken))'. [d:\MONEY\2026\TAN_TAN_LOC\TTL_API\src\Services\CoreService\TTL.CoreService.Application\TTL.CoreService.Application.csproj]
d:\MONEY\2026\TAN_TAN_LOC\TTL_API\src\Services\CoreService\TTL.CoreService.Application\Features\HumanResources\Users\Queries\GetMyProfile\GetMyProfileQueryHandler.cs(44,58): warning CS8604: Possible null reference argument for parameter 'id' in 'Task<Position?> IRepository<Position>.GetByIdAsync(string id, CancellationToken cancellationToken = default(CancellationToken))'. [d:\MONEY\2026\TAN_TAN_LOC\TTL_API\src\Services\CoreService\TTL.CoreService.Application\TTL.CoreService.Application.csproj]
d:\MONEY\2026\TAN_TAN_LOC\TTL_API\src\Services\CoreService\TTL.CoreService.Application\Features\HumanResources\Users\Queries\GetMyProfile\GetMyProfileQueryHandler.cs(66,19): warning CS8629: Nullable value type may be null. [d:\MONEY\2026\TAN_TAN_LOC\TTL_API\src\Services\CoreService\TTL.CoreService.Application\TTL.CoreService.Application.csproj]
d:\MONEY\2026\TAN_TAN_LOC\TTL_API\src\Services\CoreService\TTL.CoreService.Application\Features\HumanResources\Attendance\Queries\GetShiftChangeRequests\GetShiftChangeRequestsQueryHandler.cs(57,74): warning CS8604: Possible null reference argument for parameter 'key' in 'bool Dictionary<string, string>.TryGetValue(string key, out string value)'. [d:\MONEY\2026\TAN_TAN_LOC\TTL_API\src\Services\CoreService\TTL.CoreService.Application\TTL.CoreService.Application.csproj]
d:\MONEY\2026\TAN_TAN_LOC\TTL_API\src\Services\CoreService\TTL.CoreService.Application\Features\HumanResources\Recruitment\Queries\GetOnboardingStatus\GetOnboardingStatusQueryHandler.cs(25,38): warning CS8603: Possible null reference return. [d:\MONEY\2026\TAN_TAN_LOC\TTL_API\src\Services\CoreService\TTL.CoreService.Application\TTL.CoreService.Application.csproj]
d:\MONEY\2026\TAN_TAN_LOC\TTL_API\src\Services\CoreService\TTL.CoreService.Application\Features\HumanResources\Attendance\Queries\GetMonthlyTimesheet\GetMonthlyTimesheetQueryHandler.cs(97,50): warning CS8604: Possible null reference argument for parameter 'key' in 'bool Dictionary<string, string>.TryGetValue(string key, out string value)'. [d:\MONEY\2026\TAN_TAN_LOC\TTL_API\src\Services\CoreService\TTL.CoreService.Application\TTL.CoreService.Application.csproj]
d:\MONEY\2026\TAN_TAN_LOC\TTL_API\src\Services\CoreService\TTL.CoreService.Application\Features\HumanResources\Recruitment\Queries\GetCandidateDetail\GetCandidateDetailQueryHandler.cs(27,46): warning CS8603: Possible null reference return. [d:\MONEY\2026\TAN_TAN_LOC\TTL_API\src\Services\CoreService\TTL.CoreService.Application\TTL.CoreService.Application.csproj]
d:\MONEY\2026\TAN_TAN_LOC\TTL_API\src\Services\CoreService\TTL.CoreService.Application\Features\HumanResources\Recruitment\Queries\GetJobPostingDetail\GetJobPostingDetailQueryHandler.cs(24,46): warning CS8603: Possible null reference return. [d:\MONEY\2026\TAN_TAN_LOC\TTL_API\src\Services\CoreService\TTL.CoreService.Application\TTL.CoreService.Application.csproj]
d:\MONEY\2026\TAN_TAN_LOC\TTL_API\src\Services\CoreService\TTL.CoreService.Application\Features\HumanResources\Positions\Queries\GetAllPositions\GetAllPositionsQueryHandler.cs(41,30): warning CS8714: The type 'string?' cannot be used as type parameter 'TKey' in the generic type or method 'Enumerable.ToDictionary<TSource, TKey, TElement>(IEnumerable<TSource>, Func<TSource, TKey>, Func<TSource, TElement>)'. Nullability of type argument 'string?' doesn't match 'notnull' constraint. [d:\MONEY\2026\TAN_TAN_LOC\TTL_API\src\Services\CoreService\TTL.CoreService.Application\TTL.CoreService.Application.csproj]
d:\MONEY\2026\TAN_TAN_LOC\TTL_API\src\Services\CoreService\TTL.CoreService.Application\Features\HumanResources\Positions\Queries\GetAllPositions\GetAllPositionsQueryHandler.cs(44,27): warning CS8621: Nullability of reference types in return type of 'lambda expression' doesn't match the target delegate 'Func<IGrouping<string?, Employee>, string?>' (possibly because of nullability attributes). [d:\MONEY\2026\TAN_TAN_LOC\TTL_API\src\Services\CoreService\TTL.CoreService.Application\TTL.CoreService.Application.csproj]
d:\MONEY\2026\TAN_TAN_LOC\TTL_API\src\Services\CoreService\TTL.CoreService.Application\Features\HumanResources\Training\Queries\GetCourseDetail\GetCourseDetailQueryHandler.cs(28,56): warning CS8603: Possible null reference return. [d:\MONEY\2026\TAN_TAN_LOC\TTL_API\src\Services\CoreService\TTL.CoreService.Application\TTL.CoreService.Application.csproj]
d:\MONEY\2026\TAN_TAN_LOC\TTL_API\src\Services\CoreService\TTL.CoreService.Application\Features\HumanResources\Employees\Queries\GetHrDashboard\GetHrDashboardQueryHandler.cs(74,58): error CS1061: 'DateTime?' does not contain a definition for 'Year' and no accessible extension method 'Year' accepting a first argument of type 'DateTime?' could be found (are you missing a using directive or an assembly reference?) [d:\MONEY\2026\TAN_TAN_LOC\TTL_API\src\Services\CoreService\TTL.CoreService.Application\TTL.CoreService.Application.csproj]
d:\MONEY\2026\TAN_TAN_LOC\TTL_API\src\Services\CoreService\TTL.CoreService.Application\Features\HumanResources\LeaveManagement\Commands\CreateLeaveRequest\CreateLeaveRequestCommandHandler.cs(53,71): warning CS8604: Possible null reference argument for parameter 'id' in 'Task<Department?> IRepository<Department>.GetByIdAsync(string id, CancellationToken cancellationToken = default(CancellationToken))'. [d:\MONEY\2026\TAN_TAN_LOC\TTL_API\src\Services\CoreService\TTL.CoreService.Application\TTL.CoreService.Application.csproj]
d:\MONEY\2026\TAN_TAN_LOC\TTL_API\src\Services\CoreService\TTL.CoreService.Application\Features\HumanResources\LeaveManagement\Commands\CreateLeaveRequest\CreateLeaveRequestCommandHandler.cs(54,67): warning CS8604: Possible null reference argument for parameter 'id' in 'Task<Position?> IRepository<Position>.GetByIdAsync(string id, CancellationToken cancellationToken = default(CancellationToken))'. [d:\MONEY\2026\TAN_TAN_LOC\TTL_API\src\Services\CoreService\TTL.CoreService.Application\TTL.CoreService.Application.csproj]

Build FAILED.

d:\MONEY\2026\TAN_TAN_LOC\TTL_API\src\Services\CoreService\TTL.CoreService.Application\TTL.CoreService.Application.csproj : warning NU1903: Package 'Newtonsoft.Json' 9.0.1 has a known high severity vulnerability, https://github.com/advisories/GHSA-5crp-9r3c-p9vr [d:\MONEY\2026\TAN_TAN_LOC\TTL_API\src\Services\CoreService\TTL.CoreService.Api\TTL.CoreService.Api.csproj]
d:\MONEY\2026\TAN_TAN_LOC\TTL_API\src\Services\CoreService\TTL.CoreService.Infrastructure\TTL.CoreService.Infrastructure.csproj : warning NU1903: Package 'Newtonsoft.Json' 9.0.1 has a known high severity vulnerability, https://github.com/advisories/GHSA-5crp-9r3c-p9vr [d:\MONEY\2026\TAN_TAN_LOC\TTL_API\src\Services\CoreService\TTL.CoreService.Api\TTL.CoreService.Api.csproj]
d:\MONEY\2026\TAN_TAN_LOC\TTL_API\src\Services\CoreService\TTL.CoreService.Domain\TTL.CoreService.Domain.csproj : warning NU1903: Package 'Newtonsoft.Json' 9.0.1 has a known high severity vulnerability, https://github.com/advisories/GHSA-5crp-9r3c-p9vr [d:\MONEY\2026\TAN_TAN_LOC\TTL_API\src\Services\CoreService\TTL.CoreService.Api\TTL.CoreService.Api.csproj]
d:\MONEY\2026\TAN_TAN_LOC\TTL_API\src\Shared\TTL.BuildingBlocks\TTL.BuildingBlocks.csproj : warning NU1903: Package 'Newtonsoft.Json' 9.0.1 has a known high severity vulnerability, https://github.com/advisories/GHSA-5crp-9r3c-p9vr [d:\MONEY\2026\TAN_TAN_LOC\TTL_API\src\Services\CoreService\TTL.CoreService.Api\TTL.CoreService.Api.csproj]
d:\MONEY\2026\TAN_TAN_LOC\TTL_API\src\Shared\TTL.BuildingBlocks\TTL.BuildingBlocks.csproj : warning NU1903: Package 'Newtonsoft.Json' 9.0.1 has a known high severity vulnerability, https://github.com/advisories/GHSA-5crp-9r3c-p9vr
d:\MONEY\2026\TAN_TAN_LOC\TTL_API\src\Services\CoreService\TTL.CoreService.Infrastructure\TTL.CoreService.Infrastructure.csproj : warning NU1903: Package 'Newtonsoft.Json' 9.0.1 has a known high severity vulnerability, https://github.com/advisories/GHSA-5crp-9r3c-p9vr
d:\MONEY\2026\TAN_TAN_LOC\TTL_API\src\Services\CoreService\TTL.CoreService.Application\TTL.CoreService.Application.csproj : warning NU1903: Package 'Newtonsoft.Json' 9.0.1 has a known high severity vulnerability, https://github.com/advisories/GHSA-5crp-9r3c-p9vr
d:\MONEY\2026\TAN_TAN_LOC\TTL_API\src\Services\CoreService\TTL.CoreService.Domain\TTL.CoreService.Domain.csproj : warning NU1903: Package 'Newtonsoft.Json' 9.0.1 has a known high severity vulnerability, https://github.com/advisories/GHSA-5crp-9r3c-p9vr
d:\MONEY\2026\TAN_TAN_LOC\TTL_API\src\Services\CoreService\TTL.CoreService.Application\Features\Administration\Roles\Queries\GetRoleById\GetRoleByIdQueryHandler.cs(20,52): warning CS8603: Possible null reference return. [d:\MONEY\2026\TAN_TAN_LOC\TTL_API\src\Services\CoreService\TTL.CoreService.Application\TTL.CoreService.Application.csproj]
d:\MONEY\2026\TAN_TAN_LOC\TTL_API\src\Services\CoreService\TTL.CoreService.Application\Features\HumanResources\Users\Queries\GetMyTeam\GetMyTeamQueryHandler.cs(33,50): warning CS8603: Possible null reference return. [d:\MONEY\2026\TAN_TAN_LOC\TTL_API\src\Services\CoreService\TTL.CoreService.Application\TTL.CoreService.Application.csproj]
d:\MONEY\2026\TAN_TAN_LOC\TTL_API\src\Services\CoreService\TTL.CoreService.Application\Features\HumanResources\Users\Queries\GetMyTeam\GetMyTeamQueryHandler.cs(36,41): warning CS8603: Possible null reference return. [d:\MONEY\2026\TAN_TAN_LOC\TTL_API\src\Services\CoreService\TTL.CoreService.Application\TTL.CoreService.Application.csproj]
d:\MONEY\2026\TAN_TAN_LOC\TTL_API\src\Services\CoreService\TTL.CoreService.Application\Features\HumanResources\Users\Queries\GetMyTeam\GetMyTeamQueryHandler.cs(70,58): warning CS8604: Possible null reference argument for parameter 'id' in 'Task<Position?> IRepository<Position>.GetByIdAsync(string id, CancellationToken cancellationToken = default(CancellationToken))'. [d:\MONEY\2026\TAN_TAN_LOC\TTL_API\src\Services\CoreService\TTL.CoreService.Application\TTL.CoreService.Application.csproj]
d:\MONEY\2026\TAN_TAN_LOC\TTL_API\src\Services\CoreService\TTL.CoreService.Application\Features\HumanResources\Users\Queries\GetMyTeam\GetMyTeamQueryHandler.cs(71,61): warning CS8604: Possible null reference argument for parameter 'id' in 'Task<Department?> IRepository<Department>.GetByIdAsync(string id, CancellationToken cancellationToken = default(CancellationToken))'. [d:\MONEY\2026\TAN_TAN_LOC\TTL_API\src\Services\CoreService\TTL.CoreService.Application\TTL.CoreService.Application.csproj]
d:\MONEY\2026\TAN_TAN_LOC\TTL_API\src\Services\CoreService\TTL.CoreService.Application\Features\HumanResources\Attendance\Queries\GetAttendanceList\GetAttendanceListQueryHandler.cs(46,18): warning CS8603: Possible null reference return. [d:\MONEY\2026\TAN_TAN_LOC\TTL_API\src\Services\CoreService\TTL.CoreService.Application\TTL.CoreService.Application.csproj]
d:\MONEY\2026\TAN_TAN_LOC\TTL_API\src\Services\CoreService\TTL.CoreService.Application\Features\HumanResources\Departments\Queries\GetDepartmentById\GetDepartmentByIdQueryHandler.cs(76,30): warning CS8601: Possible null reference assignment. [d:\MONEY\2026\TAN_TAN_LOC\TTL_API\src\Services\CoreService\TTL.CoreService.Application\TTL.CoreService.Application.csproj]
d:\MONEY\2026\TAN_TAN_LOC\TTL_API\src\Services\CoreService\TTL.CoreService.Application\Features\HumanResources\Benefits\Commands\AutoRenewBenefits\AutoRenewBenefitsCommandHandler.cs(31,31): warning CS8629: Nullable value type may be null. [d:\MONEY\2026\TAN_TAN_LOC\TTL_API\src\Services\CoreService\TTL.CoreService.Application\TTL.CoreService.Application.csproj]
d:\MONEY\2026\TAN_TAN_LOC\TTL_API\src\Services\CoreService\TTL.CoreService.Application\Features\HumanResources\Assets\Queries\GetAssetDetail\GetAssetDetailQueryHandler.cs(28,54): warning CS8603: Possible null reference return. [d:\MONEY\2026\TAN_TAN_LOC\TTL_API\src\Services\CoreService\TTL.CoreService.Application\TTL.CoreService.Application.csproj]
d:\MONEY\2026\TAN_TAN_LOC\TTL_API\src\Services\CoreService\TTL.CoreService.Application\Features\HumanResources\Attendance\Commands\CreateBusinessTrip\CreateBusinessTripCommandHandler.cs(33,67): warning CS8604: Possible null reference argument for parameter 'id' in 'Task<Department?> IRepository<Department>.GetByIdAsync(string id, CancellationToken cancellationToken = default(CancellationToken))'. [d:\MONEY\2026\TAN_TAN_LOC\TTL_API\src\Services\CoreService\TTL.CoreService.Application\TTL.CoreService.Application.csproj]
d:\MONEY\2026\TAN_TAN_LOC\TTL_API\src\Services\CoreService\TTL.CoreService.Application\Features\HumanResources\Employees\Queries\GetDigitalProfile\GetDigitalProfileQueryHandler.cs(25,38): warning CS8603: Possible null reference return. [d:\MONEY\2026\TAN_TAN_LOC\TTL_API\src\Services\CoreService\TTL.CoreService.Application\TTL.CoreService.Application.csproj]
d:\MONEY\2026\TAN_TAN_LOC\TTL_API\src\Services\CoreService\TTL.CoreService.Application\Features\HumanResources\Employees\Queries\GetEmployeeDetail\GetEmployeeDetailQueryHandler.cs(44,28): warning CS8601: Possible null reference assignment. [d:\MONEY\2026\TAN_TAN_LOC\TTL_API\src\Services\CoreService\TTL.CoreService.Application\TTL.CoreService.Application.csproj]
d:\MONEY\2026\TAN_TAN_LOC\TTL_API\src\Services\CoreService\TTL.CoreService.Application\Features\HumanResources\Employees\Queries\GetEmployeeDetail\GetEmployeeDetailQueryHandler.cs(45,26): warning CS8601: Possible null reference assignment. [d:\MONEY\2026\TAN_TAN_LOC\TTL_API\src\Services\CoreService\TTL.CoreService.Application\TTL.CoreService.Application.csproj]
d:\MONEY\2026\TAN_TAN_LOC\TTL_API\src\Services\CoreService\TTL.CoreService.Application\Features\HumanResources\Employees\Queries\GetEmployeeDetail\GetEmployeeDetailQueryHandler.cs(46,26): warning CS8601: Possible null reference assignment. [d:\MONEY\2026\TAN_TAN_LOC\TTL_API\src\Services\CoreService\TTL.CoreService.Application\TTL.CoreService.Application.csproj]
d:\MONEY\2026\TAN_TAN_LOC\TTL_API\src\Services\CoreService\TTL.CoreService.Application\Features\HumanResources\Users\Queries\GetMyProfile\GetMyProfileQueryHandler.cs(38,50): warning CS8603: Possible null reference return. [d:\MONEY\2026\TAN_TAN_LOC\TTL_API\src\Services\CoreService\TTL.CoreService.Application\TTL.CoreService.Application.csproj]
d:\MONEY\2026\TAN_TAN_LOC\TTL_API\src\Services\CoreService\TTL.CoreService.Application\Features\HumanResources\Users\Queries\GetMyProfile\GetMyProfileQueryHandler.cs(41,38): warning CS8603: Possible null reference return. [d:\MONEY\2026\TAN_TAN_LOC\TTL_API\src\Services\CoreService\TTL.CoreService.Application\TTL.CoreService.Application.csproj]
d:\MONEY\2026\TAN_TAN_LOC\TTL_API\src\Services\CoreService\TTL.CoreService.Application\Features\HumanResources\Users\Queries\GetMyProfile\GetMyProfileQueryHandler.cs(43,61): warning CS8604: Possible null reference argument for parameter 'id' in 'Task<Department?> IRepository<Department>.GetByIdAsync(string id, CancellationToken cancellationToken = default(CancellationToken))'. [d:\MONEY\2026\TAN_TAN_LOC\TTL_API\src\Services\CoreService\TTL.CoreService.Application\TTL.CoreService.Application.csproj]
d:\MONEY\2026\TAN_TAN_LOC\TTL_API\src\Services\CoreService\TTL.CoreService.Application\Features\HumanResources\Users\Queries\GetMyProfile\GetMyProfileQueryHandler.cs(44,58): warning CS8604: Possible null reference argument for parameter 'id' in 'Task<Position?> IRepository<Position>.GetByIdAsync(string id, CancellationToken cancellationToken = default(CancellationToken))'. [d:\MONEY\2026\TAN_TAN_LOC\TTL_API\src\Services\CoreService\TTL.CoreService.Application\TTL.CoreService.Application.csproj]
d:\MONEY\2026\TAN_TAN_LOC\TTL_API\src\Services\CoreService\TTL.CoreService.Application\Features\HumanResources\Users\Queries\GetMyProfile\GetMyProfileQueryHandler.cs(66,19): warning CS8629: Nullable value type may be null. [d:\MONEY\2026\TAN_TAN_LOC\TTL_API\src\Services\CoreService\TTL.CoreService.Application\TTL.CoreService.Application.csproj]
d:\MONEY\2026\TAN_TAN_LOC\TTL_API\src\Services\CoreService\TTL.CoreService.Application\Features\HumanResources\Attendance\Queries\GetShiftChangeRequests\GetShiftChangeRequestsQueryHandler.cs(57,74): warning CS8604: Possible null reference argument for parameter 'key' in 'bool Dictionary<string, string>.TryGetValue(string key, out string value)'. [d:\MONEY\2026\TAN_TAN_LOC\TTL_API\src\Services\CoreService\TTL.CoreService.Application\TTL.CoreService.Application.csproj]
d:\MONEY\2026\TAN_TAN_LOC\TTL_API\src\Services\CoreService\TTL.CoreService.Application\Features\HumanResources\Recruitment\Queries\GetOnboardingStatus\GetOnboardingStatusQueryHandler.cs(25,38): warning CS8603: Possible null reference return. [d:\MONEY\2026\TAN_TAN_LOC\TTL_API\src\Services\CoreService\TTL.CoreService.Application\TTL.CoreService.Application.csproj]
d:\MONEY\2026\TAN_TAN_LOC\TTL_API\src\Services\CoreService\TTL.CoreService.Application\Features\HumanResources\Attendance\Queries\GetMonthlyTimesheet\GetMonthlyTimesheetQueryHandler.cs(97,50): warning CS8604: Possible null reference argument for parameter 'key' in 'bool Dictionary<string, string>.TryGetValue(string key, out string value)'. [d:\MONEY\2026\TAN_TAN_LOC\TTL_API\src\Services\CoreService\TTL.CoreService.Application\TTL.CoreService.Application.csproj]
d:\MONEY\2026\TAN_TAN_LOC\TTL_API\src\Services\CoreService\TTL.CoreService.Application\Features\HumanResources\Recruitment\Queries\GetCandidateDetail\GetCandidateDetailQueryHandler.cs(27,46): warning CS8603: Possible null reference return. [d:\MONEY\2026\TAN_TAN_LOC\TTL_API\src\Services\CoreService\TTL.CoreService.Application\TTL.CoreService.Application.csproj]
d:\MONEY\2026\TAN_TAN_LOC\TTL_API\src\Services\CoreService\TTL.CoreService.Application\Features\HumanResources\Recruitment\Queries\GetJobPostingDetail\GetJobPostingDetailQueryHandler.cs(24,46): warning CS8603: Possible null reference return. [d:\MONEY\2026\TAN_TAN_LOC\TTL_API\src\Services\CoreService\TTL.CoreService.Application\TTL.CoreService.Application.csproj]
d:\MONEY\2026\TAN_TAN_LOC\TTL_API\src\Services\CoreService\TTL.CoreService.Application\Features\HumanResources\Positions\Queries\GetAllPositions\GetAllPositionsQueryHandler.cs(41,30): warning CS8714: The type 'string?' cannot be used as type parameter 'TKey' in the generic type or method 'Enumerable.ToDictionary<TSource, TKey, TElement>(IEnumerable<TSource>, Func<TSource, TKey>, Func<TSource, TElement>)'. Nullability of type argument 'string?' doesn't match 'notnull' constraint. [d:\MONEY\2026\TAN_TAN_LOC\TTL_API\src\Services\CoreService\TTL.CoreService.Application\TTL.CoreService.Application.csproj]
d:\MONEY\2026\TAN_TAN_LOC\TTL_API\src\Services\CoreService\TTL.CoreService.Application\Features\HumanResources\Positions\Queries\GetAllPositions\GetAllPositionsQueryHandler.cs(44,27): warning CS8621: Nullability of reference types in return type of 'lambda expression' doesn't match the target delegate 'Func<IGrouping<string?, Employee>, string?>' (possibly because of nullability attributes). [d:\MONEY\2026\TAN_TAN_LOC\TTL_API\src\Services\CoreService\TTL.CoreService.Application\TTL.CoreService.Application.csproj]
d:\MONEY\2026\TAN_TAN_LOC\TTL_API\src\Services\CoreService\TTL.CoreService.Application\Features\HumanResources\Training\Queries\GetCourseDetail\GetCourseDetailQueryHandler.cs(28,56): warning CS8603: Possible null reference return. [d:\MONEY\2026\TAN_TAN_LOC\TTL_API\src\Services\CoreService\TTL.CoreService.Application\TTL.CoreService.Application.csproj]
d:\MONEY\2026\TAN_TAN_LOC\TTL_API\src\Services\CoreService\TTL.CoreService.Application\Features\HumanResources\LeaveManagement\Commands\CreateLeaveRequest\CreateLeaveRequestCommandHandler.cs(53,71): warning CS8604: Possible null reference argument for parameter 'id' in 'Task<Department?> IRepository<Department>.GetByIdAsync(string id, CancellationToken cancellationToken = default(CancellationToken))'. [d:\MONEY\2026\TAN_TAN_LOC\TTL_API\src\Services\CoreService\TTL.CoreService.Application\TTL.CoreService.Application.csproj]
d:\MONEY\2026\TAN_TAN_LOC\TTL_API\src\Services\CoreService\TTL.CoreService.Application\Features\HumanResources\LeaveManagement\Commands\CreateLeaveRequest\CreateLeaveRequestCommandHandler.cs(54,67): warning CS8604: Possible null reference argument for parameter 'id' in 'Task<Position?> IRepository<Position>.GetByIdAsync(string id, CancellationToken cancellationToken = default(CancellationToken))'. [d:\MONEY\2026\TAN_TAN_LOC\TTL_API\src\Services\CoreService\TTL.CoreService.Application\TTL.CoreService.Application.csproj]
d:\MONEY\2026\TAN_TAN_LOC\TTL_API\src\Services\CoreService\TTL.CoreService.Application\Features\HumanResources\Users\Queries\GetMyProfile\GetMyProfileQueryHandler.cs(66,19): error CS0266: Cannot implicitly convert type 'System.DateTime?' to 'System.DateTime'. An explicit conversion exists (are you missing a cast?) [d:\MONEY\2026\TAN_TAN_LOC\TTL_API\src\Services\CoreService\TTL.CoreService.Application\TTL.CoreService.Application.csproj]
d:\MONEY\2026\TAN_TAN_LOC\TTL_API\src\Services\CoreService\TTL.CoreService.Application\Features\HumanResources\Employees\Queries\GetHrDashboard\GetHrDashboardQueryHandler.cs(74,58): error CS1061: 'DateTime?' does not contain a definition for 'Year' and no accessible extension method 'Year' accepting a first argument of type 'DateTime?' could be found (are you missing a using directive or an assembly reference?) [d:\MONEY\2026\TAN_TAN_LOC\TTL_API\src\Services\CoreService\TTL.CoreService.Application\TTL.CoreService.Application.csproj]
    37 Warning(s)
    2 Error(s)

Time Elapsed 00:00:01.26
