  Determining projects to restore...
D:\MONEY\2026\TAN_TAN_LOC\TTL_ERP\TTL.HR\TTL.HR.Application\TTL.HR.Application.csproj : warning NU1510: PackageReference System.Net.Http.Json will not be pruned. Consider removing this package from your dependencies, as it is likely unnecessary. [D:\MONEY\2026\TAN_TAN_LOC\TTL_ERP\TTL.HR.slnx]
  All projects are up-to-date for restore.
D:\MONEY\2026\TAN_TAN_LOC\TTL_ERP\TTL.HR\TTL.HR.Application\TTL.HR.Application.csproj : warning NU1510: PackageReference System.Net.Http.Json will not be pruned. Consider removing this package from your dependencies, as it is likely unnecessary.
  TTL.HR.Application -> D:\MONEY\2026\TAN_TAN_LOC\TTL_ERP\TTL.HR\TTL.HR.Application\bin\Debug\net10.0\TTL.HR.Application.dll
D:\MONEY\2026\TAN_TAN_LOC\TTL_ERP\TTL.HR\TTL.HR.Shared\Pages\Recruitment\RecruitmentKanban.razor(108,1): warning RZ10012: Found markup element with unexpected name 'ApplicantProfileModal'. If this is intended to be a component, add a @using directive for its namespace. [D:\MONEY\2026\TAN_TAN_LOC\TTL_ERP\TTL.HR\TTL.HR.Shared\TTL.HR.Shared.csproj]
D:\MONEY\2026\TAN_TAN_LOC\TTL_ERP\TTL.HR\TTL.HR.Shared\Pages\Recruitment\RecruitmentKanban.razor(114,1): warning RZ10012: Found markup element with unexpected name 'InterviewScheduleModal'. If this is intended to be a component, add a @using directive for its namespace. [D:\MONEY\2026\TAN_TAN_LOC\TTL_ERP\TTL.HR\TTL.HR.Shared\TTL.HR.Shared.csproj]
D:\MONEY\2026\TAN_TAN_LOC\TTL_ERP\TTL.HR\TTL.HR.Shared\Pages\Recruitment\RecruitmentKanban.razor(120,1): warning RZ10012: Found markup element with unexpected name 'RejectionModal'. If this is intended to be a component, add a @using directive for its namespace. [D:\MONEY\2026\TAN_TAN_LOC\TTL_ERP\TTL.HR\TTL.HR.Shared\TTL.HR.Shared.csproj]
D:\MONEY\2026\TAN_TAN_LOC\TTL_ERP\TTL.HR\TTL.HR.Shared\Pages\Recruitment\RecruitmentKanban.razor(126,1): warning RZ10012: Found markup element with unexpected name 'HiringSuccessModal'. If this is intended to be a component, add a @using directive for its namespace. [D:\MONEY\2026\TAN_TAN_LOC\TTL_ERP\TTL.HR\TTL.HR.Shared\TTL.HR.Shared.csproj]
D:\MONEY\2026\TAN_TAN_LOC\TTL_ERP\TTL.HR\TTL.HR.Shared\Pages\Dashboard\Dashboard.razor.cs(8,25): error CS0246: The type or namespace name 'IDashboardService' could not be found (are you missing a using directive or an assembly reference?) [D:\MONEY\2026\TAN_TAN_LOC\TTL_ERP\TTL.HR\TTL.HR.Shared\TTL.HR.Shared.csproj]
D:\MONEY\2026\TAN_TAN_LOC\TTL_ERP\TTL.HR\TTL.HR.Shared\Pages\Dashboard\Dashboard.razor.cs(10,17): error CS0246: The type or namespace name 'DashboardOverviewModel' could not be found (are you missing a using directive or an assembly reference?) [D:\MONEY\2026\TAN_TAN_LOC\TTL_ERP\TTL.HR\TTL.HR.Shared\TTL.HR.Shared.csproj]
D:\MONEY\2026\TAN_TAN_LOC\TTL_ERP\TTL.HR\TTL.HR.Shared\Pages\Auth\Logout.razor(3,27): error CS0102: The type 'Logout' already contains a definition for 'Navigation' [D:\MONEY\2026\TAN_TAN_LOC\TTL_ERP\TTL.HR\TTL.HR.Shared\TTL.HR.Shared.csproj]
D:\MONEY\2026\TAN_TAN_LOC\TTL_ERP\TTL.HR\TTL.HR.Shared\Pages\Auth\Login.razor(4,27): error CS0102: The type 'Login' already contains a definition for 'Navigation' [D:\MONEY\2026\TAN_TAN_LOC\TTL_ERP\TTL.HR\TTL.HR.Shared\TTL.HR.Shared.csproj]
D:\MONEY\2026\TAN_TAN_LOC\TTL_ERP\TTL.HR\TTL.HR.Shared\Pages\Auth\Register.razor(3,27): error CS0102: The type 'Register' already contains a definition for 'Navigation' [D:\MONEY\2026\TAN_TAN_LOC\TTL_ERP\TTL.HR\TTL.HR.Shared\TTL.HR.Shared.csproj]
D:\MONEY\2026\TAN_TAN_LOC\TTL_ERP\TTL.HR\TTL.HR.Shared\Pages\Leave\LeaveApprovals.razor.cs(19,26): error CS0246: The type or namespace name 'ILeaveService' could not be found (are you missing a using directive or an assembly reference?) [D:\MONEY\2026\TAN_TAN_LOC\TTL_ERP\TTL.HR\TTL.HR.Shared\TTL.HR.Shared.csproj]

Build FAILED.

D:\MONEY\2026\TAN_TAN_LOC\TTL_ERP\TTL.HR\TTL.HR.Application\TTL.HR.Application.csproj : warning NU1510: PackageReference System.Net.Http.Json will not be pruned. Consider removing this package from your dependencies, as it is likely unnecessary. [D:\MONEY\2026\TAN_TAN_LOC\TTL_ERP\TTL.HR.slnx]
D:\MONEY\2026\TAN_TAN_LOC\TTL_ERP\TTL.HR\TTL.HR.Application\TTL.HR.Application.csproj : warning NU1510: PackageReference System.Net.Http.Json will not be pruned. Consider removing this package from your dependencies, as it is likely unnecessary.
D:\MONEY\2026\TAN_TAN_LOC\TTL_ERP\TTL.HR\TTL.HR.Shared\Pages\Recruitment\RecruitmentKanban.razor(108,1): warning RZ10012: Found markup element with unexpected name 'ApplicantProfileModal'. If this is intended to be a component, add a @using directive for its namespace. [D:\MONEY\2026\TAN_TAN_LOC\TTL_ERP\TTL.HR\TTL.HR.Shared\TTL.HR.Shared.csproj]
D:\MONEY\2026\TAN_TAN_LOC\TTL_ERP\TTL.HR\TTL.HR.Shared\Pages\Recruitment\RecruitmentKanban.razor(114,1): warning RZ10012: Found markup element with unexpected name 'InterviewScheduleModal'. If this is intended to be a component, add a @using directive for its namespace. [D:\MONEY\2026\TAN_TAN_LOC\TTL_ERP\TTL.HR\TTL.HR.Shared\TTL.HR.Shared.csproj]
D:\MONEY\2026\TAN_TAN_LOC\TTL_ERP\TTL.HR\TTL.HR.Shared\Pages\Recruitment\RecruitmentKanban.razor(120,1): warning RZ10012: Found markup element with unexpected name 'RejectionModal'. If this is intended to be a component, add a @using directive for its namespace. [D:\MONEY\2026\TAN_TAN_LOC\TTL_ERP\TTL.HR\TTL.HR.Shared\TTL.HR.Shared.csproj]
D:\MONEY\2026\TAN_TAN_LOC\TTL_ERP\TTL.HR\TTL.HR.Shared\Pages\Recruitment\RecruitmentKanban.razor(126,1): warning RZ10012: Found markup element with unexpected name 'HiringSuccessModal'. If this is intended to be a component, add a @using directive for its namespace. [D:\MONEY\2026\TAN_TAN_LOC\TTL_ERP\TTL.HR\TTL.HR.Shared\TTL.HR.Shared.csproj]
D:\MONEY\2026\TAN_TAN_LOC\TTL_ERP\TTL.HR\TTL.HR.Shared\Pages\Dashboard\Dashboard.razor.cs(8,25): error CS0246: The type or namespace name 'IDashboardService' could not be found (are you missing a using directive or an assembly reference?) [D:\MONEY\2026\TAN_TAN_LOC\TTL_ERP\TTL.HR\TTL.HR.Shared\TTL.HR.Shared.csproj]
D:\MONEY\2026\TAN_TAN_LOC\TTL_ERP\TTL.HR\TTL.HR.Shared\Pages\Dashboard\Dashboard.razor.cs(10,17): error CS0246: The type or namespace name 'DashboardOverviewModel' could not be found (are you missing a using directive or an assembly reference?) [D:\MONEY\2026\TAN_TAN_LOC\TTL_ERP\TTL.HR\TTL.HR.Shared\TTL.HR.Shared.csproj]
D:\MONEY\2026\TAN_TAN_LOC\TTL_ERP\TTL.HR\TTL.HR.Shared\Pages\Auth\Logout.razor(3,27): error CS0102: The type 'Logout' already contains a definition for 'Navigation' [D:\MONEY\2026\TAN_TAN_LOC\TTL_ERP\TTL.HR\TTL.HR.Shared\TTL.HR.Shared.csproj]
D:\MONEY\2026\TAN_TAN_LOC\TTL_ERP\TTL.HR\TTL.HR.Shared\Pages\Auth\Login.razor(4,27): error CS0102: The type 'Login' already contains a definition for 'Navigation' [D:\MONEY\2026\TAN_TAN_LOC\TTL_ERP\TTL.HR\TTL.HR.Shared\TTL.HR.Shared.csproj]
D:\MONEY\2026\TAN_TAN_LOC\TTL_ERP\TTL.HR\TTL.HR.Shared\Pages\Auth\Register.razor(3,27): error CS0102: The type 'Register' already contains a definition for 'Navigation' [D:\MONEY\2026\TAN_TAN_LOC\TTL_ERP\TTL.HR\TTL.HR.Shared\TTL.HR.Shared.csproj]
D:\MONEY\2026\TAN_TAN_LOC\TTL_ERP\TTL.HR\TTL.HR.Shared\Pages\Leave\LeaveApprovals.razor.cs(19,26): error CS0246: The type or namespace name 'ILeaveService' could not be found (are you missing a using directive or an assembly reference?) [D:\MONEY\2026\TAN_TAN_LOC\TTL_ERP\TTL.HR\TTL.HR.Shared\TTL.HR.Shared.csproj]
    6 Warning(s)
    6 Error(s)

Time Elapsed 00:00:03.43
