  Determining projects to restore...
  All projects are up-to-date for restore.
C:\Program Files\dotnet\sdk\10.0.200-preview.0.26103.119\Sdks\Microsoft.NET.Sdk\targets\Microsoft.NET.RuntimeIdentifierInference.targets(383,5): message NETSDK1057: You are using a preview version of .NET. See: https://aka.ms/dotnet-support-policy [d:\MONEY\2026\TAN_TAN_LOC\TTL_API\tests\TTL.CoreService.Application.UnitTests\TTL.CoreService.Application.UnitTests.csproj]
C:\Program Files\dotnet\sdk\10.0.200-preview.0.26103.119\Sdks\Microsoft.NET.Sdk\targets\Microsoft.NET.RuntimeIdentifierInference.targets(383,5): message NETSDK1057: You are using a preview version of .NET. See: https://aka.ms/dotnet-support-policy [d:\MONEY\2026\TAN_TAN_LOC\TTL_API\src\Services\CoreService\TTL.CoreService.Api\TTL.CoreService.Api.csproj]
C:\Program Files\dotnet\sdk\10.0.200-preview.0.26103.119\Sdks\Microsoft.NET.Sdk\targets\Microsoft.NET.RuntimeIdentifierInference.targets(383,5): message NETSDK1057: You are using a preview version of .NET. See: https://aka.ms/dotnet-support-policy [d:\MONEY\2026\TAN_TAN_LOC\TTL_API\src\Services\CoreService\TTL.CoreService.Application\TTL.CoreService.Application.csproj]
C:\Program Files\dotnet\sdk\10.0.200-preview.0.26103.119\Sdks\Microsoft.NET.Sdk\targets\Microsoft.NET.RuntimeIdentifierInference.targets(383,5): message NETSDK1057: You are using a preview version of .NET. See: https://aka.ms/dotnet-support-policy [d:\MONEY\2026\TAN_TAN_LOC\TTL_API\src\Services\CoreService\TTL.CoreService.Infrastructure\TTL.CoreService.Infrastructure.csproj]
C:\Program Files\dotnet\sdk\10.0.200-preview.0.26103.119\Sdks\Microsoft.NET.Sdk\targets\Microsoft.NET.RuntimeIdentifierInference.targets(383,5): message NETSDK1057: You are using a preview version of .NET. See: https://aka.ms/dotnet-support-policy [d:\MONEY\2026\TAN_TAN_LOC\TTL_API\src\Shared\TTL.BuildingBlocks\TTL.BuildingBlocks.csproj]
  TTL.BuildingBlocks -> d:\MONEY\2026\TAN_TAN_LOC\TTL_API\src\Shared\TTL.BuildingBlocks\bin\Debug\net10.0\TTL.BuildingBlocks.dll
  TTL.CoreService.Domain -> d:\MONEY\2026\TAN_TAN_LOC\TTL_API\src\Services\CoreService\TTL.CoreService.Domain\bin\Debug\net10.0\TTL.CoreService.Domain.dll
  TTL.CoreService.Application -> d:\MONEY\2026\TAN_TAN_LOC\TTL_API\src\Services\CoreService\TTL.CoreService.Application\bin\Debug\net10.0\TTL.CoreService.Application.dll
  TTL.CoreService.Infrastructure -> d:\MONEY\2026\TAN_TAN_LOC\TTL_API\src\Services\CoreService\TTL.CoreService.Infrastructure\bin\Debug\net10.0\TTL.CoreService.Infrastructure.dll
C:\Program Files\dotnet\sdk\10.0.200-preview.0.26103.119\Microsoft.Common.CurrentVersion.targets(5094,5): warning MSB3026: Could not copy "d:\MONEY\2026\TAN_TAN_LOC\TTL_API\src\Services\CoreService\TTL.CoreService.Domain\bin\Debug\net10.0\TTL.CoreService.Domain.dll" to "bin\Debug\net10.0\TTL.CoreService.Domain.dll". Beginning retry 1 in 1000ms. The process cannot access the file 'd:\MONEY\2026\TAN_TAN_LOC\TTL_API\src\Services\CoreService\TTL.CoreService.Api\bin\Debug\net10.0\TTL.CoreService.Domain.dll' because it is being used by another process. The file is locked by: "TTL.CoreService.Api (42852)" [d:\MONEY\2026\TAN_TAN_LOC\TTL_API\src\Services\CoreService\TTL.CoreService.Api\TTL.CoreService.Api.csproj]
C:\Program Files\dotnet\sdk\10.0.200-preview.0.26103.119\Microsoft.Common.CurrentVersion.targets(5094,5): warning MSB3026: Could not copy "d:\MONEY\2026\TAN_TAN_LOC\TTL_API\src\Services\CoreService\TTL.CoreService.Application\bin\Debug\net10.0\TTL.CoreService.Application.dll" to "bin\Debug\net10.0\TTL.CoreService.Application.dll". Beginning retry 1 in 1000ms. The process cannot access the file 'd:\MONEY\2026\TAN_TAN_LOC\TTL_API\src\Services\CoreService\TTL.CoreService.Api\bin\Debug\net10.0\TTL.CoreService.Application.dll' because it is being used by another process. The file is locked by: "TTL.CoreService.Api (42852)" [d:\MONEY\2026\TAN_TAN_LOC\TTL_API\src\Services\CoreService\TTL.CoreService.Api\TTL.CoreService.Api.csproj]
C:\Program Files\dotnet\sdk\10.0.200-preview.0.26103.119\Microsoft.Common.CurrentVersion.targets(5094,5): warning MSB3026: Could not copy "d:\MONEY\2026\TAN_TAN_LOC\TTL_API\src\Shared\TTL.BuildingBlocks\bin\Debug\net10.0\TTL.BuildingBlocks.dll" to "bin\Debug\net10.0\TTL.BuildingBlocks.dll". Beginning retry 1 in 1000ms. The process cannot access the file 'd:\MONEY\2026\TAN_TAN_LOC\TTL_API\src\Services\CoreService\TTL.CoreService.Api\bin\Debug\net10.0\TTL.BuildingBlocks.dll' because it is being used by another process. The file is locked by: "TTL.CoreService.Api (42852)" [d:\MONEY\2026\TAN_TAN_LOC\TTL_API\src\Services\CoreService\TTL.CoreService.Api\TTL.CoreService.Api.csproj]
C:\Program Files\dotnet\sdk\10.0.200-preview.0.26103.119\Microsoft.Common.CurrentVersion.targets(5094,5): warning MSB3026: Could not copy "d:\MONEY\2026\TAN_TAN_LOC\TTL_API\src\Services\CoreService\TTL.CoreService.Infrastructure\bin\Debug\net10.0\TTL.CoreService.Infrastructure.dll" to "bin\Debug\net10.0\TTL.CoreService.Infrastructure.dll". Beginning retry 1 in 1000ms. The process cannot access the file 'd:\MONEY\2026\TAN_TAN_LOC\TTL_API\src\Services\CoreService\TTL.CoreService.Api\bin\Debug\net10.0\TTL.CoreService.Infrastructure.dll' because it is being used by another process. The file is locked by: "TTL.CoreService.Api (42852)" [d:\MONEY\2026\TAN_TAN_LOC\TTL_API\src\Services\CoreService\TTL.CoreService.Api\TTL.CoreService.Api.csproj]
C:\Program Files\dotnet\sdk\10.0.200-preview.0.26103.119\Microsoft.Common.CurrentVersion.targets(5094,5): warning MSB3026: Could not copy "d:\MONEY\2026\TAN_TAN_LOC\TTL_API\src\Services\CoreService\TTL.CoreService.Domain\bin\Debug\net10.0\TTL.CoreService.Domain.dll" to "bin\Debug\net10.0\TTL.CoreService.Domain.dll". Beginning retry 2 in 1000ms. The process cannot access the file 'd:\MONEY\2026\TAN_TAN_LOC\TTL_API\src\Services\CoreService\TTL.CoreService.Api\bin\Debug\net10.0\TTL.CoreService.Domain.dll' because it is being used by another process. The file is locked by: "TTL.CoreService.Api (42852)" [d:\MONEY\2026\TAN_TAN_LOC\TTL_API\src\Services\CoreService\TTL.CoreService.Api\TTL.CoreService.Api.csproj]
C:\Program Files\dotnet\sdk\10.0.200-preview.0.26103.119\Microsoft.Common.CurrentVersion.targets(5094,5): warning MSB3026: Could not copy "d:\MONEY\2026\TAN_TAN_LOC\TTL_API\src\Services\CoreService\TTL.CoreService.Application\bin\Debug\net10.0\TTL.CoreService.Application.dll" to "bin\Debug\net10.0\TTL.CoreService.Application.dll". Beginning retry 2 in 1000ms. The process cannot access the file 'd:\MONEY\2026\TAN_TAN_LOC\TTL_API\src\Services\CoreService\TTL.CoreService.Api\bin\Debug\net10.0\TTL.CoreService.Application.dll' because it is being used by another process. The file is locked by: "TTL.CoreService.Api (42852)" [d:\MONEY\2026\TAN_TAN_LOC\TTL_API\src\Services\CoreService\TTL.CoreService.Api\TTL.CoreService.Api.csproj]
C:\Program Files\dotnet\sdk\10.0.200-preview.0.26103.119\Microsoft.Common.CurrentVersion.targets(5094,5): warning MSB3026: Could not copy "d:\MONEY\2026\TAN_TAN_LOC\TTL_API\src\Shared\TTL.BuildingBlocks\bin\Debug\net10.0\TTL.BuildingBlocks.dll" to "bin\Debug\net10.0\TTL.BuildingBlocks.dll". Beginning retry 2 in 1000ms. The process cannot access the file 'd:\MONEY\2026\TAN_TAN_LOC\TTL_API\src\Services\CoreService\TTL.CoreService.Api\bin\Debug\net10.0\TTL.BuildingBlocks.dll' because it is being used by another process. The file is locked by: "TTL.CoreService.Api (42852)" [d:\MONEY\2026\TAN_TAN_LOC\TTL_API\src\Services\CoreService\TTL.CoreService.Api\TTL.CoreService.Api.csproj]
C:\Program Files\dotnet\sdk\10.0.200-preview.0.26103.119\Microsoft.Common.CurrentVersion.targets(5094,5): warning MSB3026: Could not copy "d:\MONEY\2026\TAN_TAN_LOC\TTL_API\src\Services\CoreService\TTL.CoreService.Infrastructure\bin\Debug\net10.0\TTL.CoreService.Infrastructure.dll" to "bin\Debug\net10.0\TTL.CoreService.Infrastructure.dll". Beginning retry 2 in 1000ms. The process cannot access the file 'd:\MONEY\2026\TAN_TAN_LOC\TTL_API\src\Services\CoreService\TTL.CoreService.Api\bin\Debug\net10.0\TTL.CoreService.Infrastructure.dll' because it is being used by another process. The file is locked by: "TTL.CoreService.Api (42852)" [d:\MONEY\2026\TAN_TAN_LOC\TTL_API\src\Services\CoreService\TTL.CoreService.Api\TTL.CoreService.Api.csproj]
C:\Program Files\dotnet\sdk\10.0.200-preview.0.26103.119\Microsoft.Common.CurrentVersion.targets(5094,5): warning MSB3026: Could not copy "d:\MONEY\2026\TAN_TAN_LOC\TTL_API\src\Services\CoreService\TTL.CoreService.Domain\bin\Debug\net10.0\TTL.CoreService.Domain.dll" to "bin\Debug\net10.0\TTL.CoreService.Domain.dll". Beginning retry 3 in 1000ms. The process cannot access the file 'd:\MONEY\2026\TAN_TAN_LOC\TTL_API\src\Services\CoreService\TTL.CoreService.Api\bin\Debug\net10.0\TTL.CoreService.Domain.dll' because it is being used by another process. The file is locked by: "TTL.CoreService.Api (42852)" [d:\MONEY\2026\TAN_TAN_LOC\TTL_API\src\Services\CoreService\TTL.CoreService.Api\TTL.CoreService.Api.csproj]
C:\Program Files\dotnet\sdk\10.0.200-preview.0.26103.119\Microsoft.Common.CurrentVersion.targets(5094,5): warning MSB3026: Could not copy "d:\MONEY\2026\TAN_TAN_LOC\TTL_API\src\Services\CoreService\TTL.CoreService.Application\bin\Debug\net10.0\TTL.CoreService.Application.dll" to "bin\Debug\net10.0\TTL.CoreService.Application.dll". Beginning retry 3 in 1000ms. The process cannot access the file 'd:\MONEY\2026\TAN_TAN_LOC\TTL_API\src\Services\CoreService\TTL.CoreService.Api\bin\Debug\net10.0\TTL.CoreService.Application.dll' because it is being used by another process. The file is locked by: "TTL.CoreService.Api (42852)" [d:\MONEY\2026\TAN_TAN_LOC\TTL_API\src\Services\CoreService\TTL.CoreService.Api\TTL.CoreService.Api.csproj]
C:\Program Files\dotnet\sdk\10.0.200-preview.0.26103.119\Microsoft.Common.CurrentVersion.targets(5094,5): warning MSB3026: Could not copy "d:\MONEY\2026\TAN_TAN_LOC\TTL_API\src\Services\CoreService\TTL.CoreService.Infrastructure\bin\Debug\net10.0\TTL.CoreService.Infrastructure.dll" to "bin\Debug\net10.0\TTL.CoreService.Infrastructure.dll". Beginning retry 3 in 1000ms. The process cannot access the file 'd:\MONEY\2026\TAN_TAN_LOC\TTL_API\src\Services\CoreService\TTL.CoreService.Api\bin\Debug\net10.0\TTL.CoreService.Infrastructure.dll' because it is being used by another process. The file is locked by: "TTL.CoreService.Api (42852)" [d:\MONEY\2026\TAN_TAN_LOC\TTL_API\src\Services\CoreService\TTL.CoreService.Api\TTL.CoreService.Api.csproj]
C:\Program Files\dotnet\sdk\10.0.200-preview.0.26103.119\Microsoft.Common.CurrentVersion.targets(5094,5): warning MSB3026: Could not copy "d:\MONEY\2026\TAN_TAN_LOC\TTL_API\src\Shared\TTL.BuildingBlocks\bin\Debug\net10.0\TTL.BuildingBlocks.dll" to "bin\Debug\net10.0\TTL.BuildingBlocks.dll". Beginning retry 3 in 1000ms. The process cannot access the file 'd:\MONEY\2026\TAN_TAN_LOC\TTL_API\src\Services\CoreService\TTL.CoreService.Api\bin\Debug\net10.0\TTL.BuildingBlocks.dll' because it is being used by another process. The file is locked by: "TTL.CoreService.Api (42852)" [d:\MONEY\2026\TAN_TAN_LOC\TTL_API\src\Services\CoreService\TTL.CoreService.Api\TTL.CoreService.Api.csproj]
C:\Program Files\dotnet\sdk\10.0.200-preview.0.26103.119\Microsoft.Common.CurrentVersion.targets(5094,5): warning MSB3026: Could not copy "d:\MONEY\2026\TAN_TAN_LOC\TTL_API\src\Services\CoreService\TTL.CoreService.Domain\bin\Debug\net10.0\TTL.CoreService.Domain.dll" to "bin\Debug\net10.0\TTL.CoreService.Domain.dll". Beginning retry 4 in 1000ms. The process cannot access the file 'd:\MONEY\2026\TAN_TAN_LOC\TTL_API\src\Services\CoreService\TTL.CoreService.Api\bin\Debug\net10.0\TTL.CoreService.Domain.dll' because it is being used by another process. The file is locked by: "TTL.CoreService.Api (42852)" [d:\MONEY\2026\TAN_TAN_LOC\TTL_API\src\Services\CoreService\TTL.CoreService.Api\TTL.CoreService.Api.csproj]
C:\Program Files\dotnet\sdk\10.0.200-preview.0.26103.119\Microsoft.Common.CurrentVersion.targets(5094,5): warning MSB3026: Could not copy "d:\MONEY\2026\TAN_TAN_LOC\TTL_API\src\Services\CoreService\TTL.CoreService.Application\bin\Debug\net10.0\TTL.CoreService.Application.dll" to "bin\Debug\net10.0\TTL.CoreService.Application.dll". Beginning retry 4 in 1000ms. The process cannot access the file 'd:\MONEY\2026\TAN_TAN_LOC\TTL_API\src\Services\CoreService\TTL.CoreService.Api\bin\Debug\net10.0\TTL.CoreService.Application.dll' because it is being used by another process. The file is locked by: "TTL.CoreService.Api (42852)" [d:\MONEY\2026\TAN_TAN_LOC\TTL_API\src\Services\CoreService\TTL.CoreService.Api\TTL.CoreService.Api.csproj]
C:\Program Files\dotnet\sdk\10.0.200-preview.0.26103.119\Microsoft.Common.CurrentVersion.targets(5094,5): warning MSB3026: Could not copy "d:\MONEY\2026\TAN_TAN_LOC\TTL_API\src\Services\CoreService\TTL.CoreService.Infrastructure\bin\Debug\net10.0\TTL.CoreService.Infrastructure.dll" to "bin\Debug\net10.0\TTL.CoreService.Infrastructure.dll". Beginning retry 4 in 1000ms. The process cannot access the file 'd:\MONEY\2026\TAN_TAN_LOC\TTL_API\src\Services\CoreService\TTL.CoreService.Api\bin\Debug\net10.0\TTL.CoreService.Infrastructure.dll' because it is being used by another process. The file is locked by: "TTL.CoreService.Api (42852)" [d:\MONEY\2026\TAN_TAN_LOC\TTL_API\src\Services\CoreService\TTL.CoreService.Api\TTL.CoreService.Api.csproj]
C:\Program Files\dotnet\sdk\10.0.200-preview.0.26103.119\Microsoft.Common.CurrentVersion.targets(5094,5): warning MSB3026: Could not copy "d:\MONEY\2026\TAN_TAN_LOC\TTL_API\src\Shared\TTL.BuildingBlocks\bin\Debug\net10.0\TTL.BuildingBlocks.dll" to "bin\Debug\net10.0\TTL.BuildingBlocks.dll". Beginning retry 4 in 1000ms. The process cannot access the file 'd:\MONEY\2026\TAN_TAN_LOC\TTL_API\src\Services\CoreService\TTL.CoreService.Api\bin\Debug\net10.0\TTL.BuildingBlocks.dll' because it is being used by another process. The file is locked by: "TTL.CoreService.Api (42852)" [d:\MONEY\2026\TAN_TAN_LOC\TTL_API\src\Services\CoreService\TTL.CoreService.Api\TTL.CoreService.Api.csproj]
C:\Program Files\dotnet\sdk\10.0.200-preview.0.26103.119\Microsoft.Common.CurrentVersion.targets(5094,5): warning MSB3026: Could not copy "d:\MONEY\2026\TAN_TAN_LOC\TTL_API\src\Services\CoreService\TTL.CoreService.Domain\bin\Debug\net10.0\TTL.CoreService.Domain.dll" to "bin\Debug\net10.0\TTL.CoreService.Domain.dll". Beginning retry 5 in 1000ms. The process cannot access the file 'd:\MONEY\2026\TAN_TAN_LOC\TTL_API\src\Services\CoreService\TTL.CoreService.Api\bin\Debug\net10.0\TTL.CoreService.Domain.dll' because it is being used by another process. The file is locked by: "TTL.CoreService.Api (42852)" [d:\MONEY\2026\TAN_TAN_LOC\TTL_API\src\Services\CoreService\TTL.CoreService.Api\TTL.CoreService.Api.csproj]
C:\Program Files\dotnet\sdk\10.0.200-preview.0.26103.119\Microsoft.Common.CurrentVersion.targets(5094,5): warning MSB3026: Could not copy "d:\MONEY\2026\TAN_TAN_LOC\TTL_API\src\Services\CoreService\TTL.CoreService.Application\bin\Debug\net10.0\TTL.CoreService.Application.dll" to "bin\Debug\net10.0\TTL.CoreService.Application.dll". Beginning retry 5 in 1000ms. The process cannot access the file 'd:\MONEY\2026\TAN_TAN_LOC\TTL_API\src\Services\CoreService\TTL.CoreService.Api\bin\Debug\net10.0\TTL.CoreService.Application.dll' because it is being used by another process. The file is locked by: "TTL.CoreService.Api (42852)" [d:\MONEY\2026\TAN_TAN_LOC\TTL_API\src\Services\CoreService\TTL.CoreService.Api\TTL.CoreService.Api.csproj]
C:\Program Files\dotnet\sdk\10.0.200-preview.0.26103.119\Microsoft.Common.CurrentVersion.targets(5094,5): warning MSB3026: Could not copy "d:\MONEY\2026\TAN_TAN_LOC\TTL_API\src\Shared\TTL.BuildingBlocks\bin\Debug\net10.0\TTL.BuildingBlocks.dll" to "bin\Debug\net10.0\TTL.BuildingBlocks.dll". Beginning retry 5 in 1000ms. The process cannot access the file 'd:\MONEY\2026\TAN_TAN_LOC\TTL_API\src\Services\CoreService\TTL.CoreService.Api\bin\Debug\net10.0\TTL.BuildingBlocks.dll' because it is being used by another process. The file is locked by: "TTL.CoreService.Api (42852)" [d:\MONEY\2026\TAN_TAN_LOC\TTL_API\src\Services\CoreService\TTL.CoreService.Api\TTL.CoreService.Api.csproj]
C:\Program Files\dotnet\sdk\10.0.200-preview.0.26103.119\Microsoft.Common.CurrentVersion.targets(5094,5): warning MSB3026: Could not copy "d:\MONEY\2026\TAN_TAN_LOC\TTL_API\src\Services\CoreService\TTL.CoreService.Infrastructure\bin\Debug\net10.0\TTL.CoreService.Infrastructure.dll" to "bin\Debug\net10.0\TTL.CoreService.Infrastructure.dll". Beginning retry 5 in 1000ms. The process cannot access the file 'd:\MONEY\2026\TAN_TAN_LOC\TTL_API\src\Services\CoreService\TTL.CoreService.Api\bin\Debug\net10.0\TTL.CoreService.Infrastructure.dll' because it is being used by another process. The file is locked by: "TTL.CoreService.Api (42852)" [d:\MONEY\2026\TAN_TAN_LOC\TTL_API\src\Services\CoreService\TTL.CoreService.Api\TTL.CoreService.Api.csproj]
C:\Program Files\dotnet\sdk\10.0.200-preview.0.26103.119\Microsoft.Common.CurrentVersion.targets(5094,5): warning MSB3026: Could not copy "d:\MONEY\2026\TAN_TAN_LOC\TTL_API\src\Services\CoreService\TTL.CoreService.Domain\bin\Debug\net10.0\TTL.CoreService.Domain.dll" to "bin\Debug\net10.0\TTL.CoreService.Domain.dll". Beginning retry 6 in 1000ms. The process cannot access the file 'd:\MONEY\2026\TAN_TAN_LOC\TTL_API\src\Services\CoreService\TTL.CoreService.Api\bin\Debug\net10.0\TTL.CoreService.Domain.dll' because it is being used by another process. The file is locked by: "TTL.CoreService.Api (42852)" [d:\MONEY\2026\TAN_TAN_LOC\TTL_API\src\Services\CoreService\TTL.CoreService.Api\TTL.CoreService.Api.csproj]
C:\Program Files\dotnet\sdk\10.0.200-preview.0.26103.119\Microsoft.Common.CurrentVersion.targets(5094,5): warning MSB3026: Could not copy "d:\MONEY\2026\TAN_TAN_LOC\TTL_API\src\Services\CoreService\TTL.CoreService.Application\bin\Debug\net10.0\TTL.CoreService.Application.dll" to "bin\Debug\net10.0\TTL.CoreService.Application.dll". Beginning retry 6 in 1000ms. The process cannot access the file 'd:\MONEY\2026\TAN_TAN_LOC\TTL_API\src\Services\CoreService\TTL.CoreService.Api\bin\Debug\net10.0\TTL.CoreService.Application.dll' because it is being used by another process. The file is locked by: "TTL.CoreService.Api (42852)" [d:\MONEY\2026\TAN_TAN_LOC\TTL_API\src\Services\CoreService\TTL.CoreService.Api\TTL.CoreService.Api.csproj]
C:\Program Files\dotnet\sdk\10.0.200-preview.0.26103.119\Microsoft.Common.CurrentVersion.targets(5094,5): warning MSB3026: Could not copy "d:\MONEY\2026\TAN_TAN_LOC\TTL_API\src\Services\CoreService\TTL.CoreService.Infrastructure\bin\Debug\net10.0\TTL.CoreService.Infrastructure.dll" to "bin\Debug\net10.0\TTL.CoreService.Infrastructure.dll". Beginning retry 6 in 1000ms. The process cannot access the file 'd:\MONEY\2026\TAN_TAN_LOC\TTL_API\src\Services\CoreService\TTL.CoreService.Api\bin\Debug\net10.0\TTL.CoreService.Infrastructure.dll' because it is being used by another process. The file is locked by: "TTL.CoreService.Api (42852)" [d:\MONEY\2026\TAN_TAN_LOC\TTL_API\src\Services\CoreService\TTL.CoreService.Api\TTL.CoreService.Api.csproj]
C:\Program Files\dotnet\sdk\10.0.200-preview.0.26103.119\Microsoft.Common.CurrentVersion.targets(5094,5): warning MSB3026: Could not copy "d:\MONEY\2026\TAN_TAN_LOC\TTL_API\src\Shared\TTL.BuildingBlocks\bin\Debug\net10.0\TTL.BuildingBlocks.dll" to "bin\Debug\net10.0\TTL.BuildingBlocks.dll". Beginning retry 6 in 1000ms. The process cannot access the file 'd:\MONEY\2026\TAN_TAN_LOC\TTL_API\src\Services\CoreService\TTL.CoreService.Api\bin\Debug\net10.0\TTL.BuildingBlocks.dll' because it is being used by another process. The file is locked by: "TTL.CoreService.Api (42852)" [d:\MONEY\2026\TAN_TAN_LOC\TTL_API\src\Services\CoreService\TTL.CoreService.Api\TTL.CoreService.Api.csproj]
C:\Program Files\dotnet\sdk\10.0.200-preview.0.26103.119\Microsoft.Common.CurrentVersion.targets(5094,5): warning MSB3026: Could not copy "d:\MONEY\2026\TAN_TAN_LOC\TTL_API\src\Services\CoreService\TTL.CoreService.Domain\bin\Debug\net10.0\TTL.CoreService.Domain.dll" to "bin\Debug\net10.0\TTL.CoreService.Domain.dll". Beginning retry 7 in 1000ms. The process cannot access the file 'd:\MONEY\2026\TAN_TAN_LOC\TTL_API\src\Services\CoreService\TTL.CoreService.Api\bin\Debug\net10.0\TTL.CoreService.Domain.dll' because it is being used by another process. The file is locked by: "TTL.CoreService.Api (42852)" [d:\MONEY\2026\TAN_TAN_LOC\TTL_API\src\Services\CoreService\TTL.CoreService.Api\TTL.CoreService.Api.csproj]
C:\Program Files\dotnet\sdk\10.0.200-preview.0.26103.119\Microsoft.Common.CurrentVersion.targets(5094,5): warning MSB3026: Could not copy "d:\MONEY\2026\TAN_TAN_LOC\TTL_API\src\Services\CoreService\TTL.CoreService.Application\bin\Debug\net10.0\TTL.CoreService.Application.dll" to "bin\Debug\net10.0\TTL.CoreService.Application.dll". Beginning retry 7 in 1000ms. The process cannot access the file 'd:\MONEY\2026\TAN_TAN_LOC\TTL_API\src\Services\CoreService\TTL.CoreService.Api\bin\Debug\net10.0\TTL.CoreService.Application.dll' because it is being used by another process. The file is locked by: "TTL.CoreService.Api (42852)" [d:\MONEY\2026\TAN_TAN_LOC\TTL_API\src\Services\CoreService\TTL.CoreService.Api\TTL.CoreService.Api.csproj]
C:\Program Files\dotnet\sdk\10.0.200-preview.0.26103.119\Microsoft.Common.CurrentVersion.targets(5094,5): warning MSB3026: Could not copy "d:\MONEY\2026\TAN_TAN_LOC\TTL_API\src\Shared\TTL.BuildingBlocks\bin\Debug\net10.0\TTL.BuildingBlocks.dll" to "bin\Debug\net10.0\TTL.BuildingBlocks.dll". Beginning retry 7 in 1000ms. The process cannot access the file 'd:\MONEY\2026\TAN_TAN_LOC\TTL_API\src\Services\CoreService\TTL.CoreService.Api\bin\Debug\net10.0\TTL.BuildingBlocks.dll' because it is being used by another process. The file is locked by: "TTL.CoreService.Api (42852)" [d:\MONEY\2026\TAN_TAN_LOC\TTL_API\src\Services\CoreService\TTL.CoreService.Api\TTL.CoreService.Api.csproj]
C:\Program Files\dotnet\sdk\10.0.200-preview.0.26103.119\Microsoft.Common.CurrentVersion.targets(5094,5): warning MSB3026: Could not copy "d:\MONEY\2026\TAN_TAN_LOC\TTL_API\src\Services\CoreService\TTL.CoreService.Infrastructure\bin\Debug\net10.0\TTL.CoreService.Infrastructure.dll" to "bin\Debug\net10.0\TTL.CoreService.Infrastructure.dll". Beginning retry 7 in 1000ms. The process cannot access the file 'd:\MONEY\2026\TAN_TAN_LOC\TTL_API\src\Services\CoreService\TTL.CoreService.Api\bin\Debug\net10.0\TTL.CoreService.Infrastructure.dll' because it is being used by another process. The file is locked by: "TTL.CoreService.Api (42852)" [d:\MONEY\2026\TAN_TAN_LOC\TTL_API\src\Services\CoreService\TTL.CoreService.Api\TTL.CoreService.Api.csproj]
C:\Program Files\dotnet\sdk\10.0.200-preview.0.26103.119\Microsoft.Common.CurrentVersion.targets(5094,5): warning MSB3026: Could not copy "d:\MONEY\2026\TAN_TAN_LOC\TTL_API\src\Services\CoreService\TTL.CoreService.Application\bin\Debug\net10.0\TTL.CoreService.Application.dll" to "bin\Debug\net10.0\TTL.CoreService.Application.dll". Beginning retry 8 in 1000ms. The process cannot access the file 'd:\MONEY\2026\TAN_TAN_LOC\TTL_API\src\Services\CoreService\TTL.CoreService.Api\bin\Debug\net10.0\TTL.CoreService.Application.dll' because it is being used by another process. The file is locked by: "TTL.CoreService.Api (42852)" [d:\MONEY\2026\TAN_TAN_LOC\TTL_API\src\Services\CoreService\TTL.CoreService.Api\TTL.CoreService.Api.csproj]
C:\Program Files\dotnet\sdk\10.0.200-preview.0.26103.119\Microsoft.Common.CurrentVersion.targets(5094,5): warning MSB3026: Could not copy "d:\MONEY\2026\TAN_TAN_LOC\TTL_API\src\Services\CoreService\TTL.CoreService.Domain\bin\Debug\net10.0\TTL.CoreService.Domain.dll" to "bin\Debug\net10.0\TTL.CoreService.Domain.dll". Beginning retry 8 in 1000ms. The process cannot access the file 'd:\MONEY\2026\TAN_TAN_LOC\TTL_API\src\Services\CoreService\TTL.CoreService.Api\bin\Debug\net10.0\TTL.CoreService.Domain.dll' because it is being used by another process. The file is locked by: "TTL.CoreService.Api (42852)" [d:\MONEY\2026\TAN_TAN_LOC\TTL_API\src\Services\CoreService\TTL.CoreService.Api\TTL.CoreService.Api.csproj]
C:\Program Files\dotnet\sdk\10.0.200-preview.0.26103.119\Microsoft.Common.CurrentVersion.targets(5094,5): warning MSB3026: Could not copy "d:\MONEY\2026\TAN_TAN_LOC\TTL_API\src\Shared\TTL.BuildingBlocks\bin\Debug\net10.0\TTL.BuildingBlocks.dll" to "bin\Debug\net10.0\TTL.BuildingBlocks.dll". Beginning retry 8 in 1000ms. The process cannot access the file 'd:\MONEY\2026\TAN_TAN_LOC\TTL_API\src\Services\CoreService\TTL.CoreService.Api\bin\Debug\net10.0\TTL.BuildingBlocks.dll' because it is being used by another process. The file is locked by: "TTL.CoreService.Api (42852)" [d:\MONEY\2026\TAN_TAN_LOC\TTL_API\src\Services\CoreService\TTL.CoreService.Api\TTL.CoreService.Api.csproj]
C:\Program Files\dotnet\sdk\10.0.200-preview.0.26103.119\Microsoft.Common.CurrentVersion.targets(5094,5): warning MSB3026: Could not copy "d:\MONEY\2026\TAN_TAN_LOC\TTL_API\src\Services\CoreService\TTL.CoreService.Infrastructure\bin\Debug\net10.0\TTL.CoreService.Infrastructure.dll" to "bin\Debug\net10.0\TTL.CoreService.Infrastructure.dll". Beginning retry 8 in 1000ms. The process cannot access the file 'd:\MONEY\2026\TAN_TAN_LOC\TTL_API\src\Services\CoreService\TTL.CoreService.Api\bin\Debug\net10.0\TTL.CoreService.Infrastructure.dll' because it is being used by another process. The file is locked by: "TTL.CoreService.Api (42852)" [d:\MONEY\2026\TAN_TAN_LOC\TTL_API\src\Services\CoreService\TTL.CoreService.Api\TTL.CoreService.Api.csproj]
C:\Program Files\dotnet\sdk\10.0.200-preview.0.26103.119\Microsoft.Common.CurrentVersion.targets(5094,5): warning MSB3026: Could not copy "d:\MONEY\2026\TAN_TAN_LOC\TTL_API\src\Services\CoreService\TTL.CoreService.Domain\bin\Debug\net10.0\TTL.CoreService.Domain.dll" to "bin\Debug\net10.0\TTL.CoreService.Domain.dll". Beginning retry 9 in 1000ms. The process cannot access the file 'd:\MONEY\2026\TAN_TAN_LOC\TTL_API\src\Services\CoreService\TTL.CoreService.Api\bin\Debug\net10.0\TTL.CoreService.Domain.dll' because it is being used by another process. The file is locked by: "TTL.CoreService.Api (42852)" [d:\MONEY\2026\TAN_TAN_LOC\TTL_API\src\Services\CoreService\TTL.CoreService.Api\TTL.CoreService.Api.csproj]
C:\Program Files\dotnet\sdk\10.0.200-preview.0.26103.119\Microsoft.Common.CurrentVersion.targets(5094,5): warning MSB3026: Could not copy "d:\MONEY\2026\TAN_TAN_LOC\TTL_API\src\Services\CoreService\TTL.CoreService.Application\bin\Debug\net10.0\TTL.CoreService.Application.dll" to "bin\Debug\net10.0\TTL.CoreService.Application.dll". Beginning retry 9 in 1000ms. The process cannot access the file 'd:\MONEY\2026\TAN_TAN_LOC\TTL_API\src\Services\CoreService\TTL.CoreService.Api\bin\Debug\net10.0\TTL.CoreService.Application.dll' because it is being used by another process. The file is locked by: "TTL.CoreService.Api (42852)" [d:\MONEY\2026\TAN_TAN_LOC\TTL_API\src\Services\CoreService\TTL.CoreService.Api\TTL.CoreService.Api.csproj]
C:\Program Files\dotnet\sdk\10.0.200-preview.0.26103.119\Microsoft.Common.CurrentVersion.targets(5094,5): warning MSB3026: Could not copy "d:\MONEY\2026\TAN_TAN_LOC\TTL_API\src\Services\CoreService\TTL.CoreService.Infrastructure\bin\Debug\net10.0\TTL.CoreService.Infrastructure.dll" to "bin\Debug\net10.0\TTL.CoreService.Infrastructure.dll". Beginning retry 9 in 1000ms. The process cannot access the file 'd:\MONEY\2026\TAN_TAN_LOC\TTL_API\src\Services\CoreService\TTL.CoreService.Api\bin\Debug\net10.0\TTL.CoreService.Infrastructure.dll' because it is being used by another process. The file is locked by: "TTL.CoreService.Api (42852)" [d:\MONEY\2026\TAN_TAN_LOC\TTL_API\src\Services\CoreService\TTL.CoreService.Api\TTL.CoreService.Api.csproj]
C:\Program Files\dotnet\sdk\10.0.200-preview.0.26103.119\Microsoft.Common.CurrentVersion.targets(5094,5): warning MSB3026: Could not copy "d:\MONEY\2026\TAN_TAN_LOC\TTL_API\src\Shared\TTL.BuildingBlocks\bin\Debug\net10.0\TTL.BuildingBlocks.dll" to "bin\Debug\net10.0\TTL.BuildingBlocks.dll". Beginning retry 9 in 1000ms. The process cannot access the file 'd:\MONEY\2026\TAN_TAN_LOC\TTL_API\src\Services\CoreService\TTL.CoreService.Api\bin\Debug\net10.0\TTL.BuildingBlocks.dll' because it is being used by another process. The file is locked by: "TTL.CoreService.Api (42852)" [d:\MONEY\2026\TAN_TAN_LOC\TTL_API\src\Services\CoreService\TTL.CoreService.Api\TTL.CoreService.Api.csproj]
C:\Program Files\dotnet\sdk\10.0.200-preview.0.26103.119\Microsoft.Common.CurrentVersion.targets(5094,5): warning MSB3026: Could not copy "d:\MONEY\2026\TAN_TAN_LOC\TTL_API\src\Services\CoreService\TTL.CoreService.Application\bin\Debug\net10.0\TTL.CoreService.Application.dll" to "bin\Debug\net10.0\TTL.CoreService.Application.dll". Beginning retry 10 in 1000ms. The process cannot access the file 'd:\MONEY\2026\TAN_TAN_LOC\TTL_API\src\Services\CoreService\TTL.CoreService.Api\bin\Debug\net10.0\TTL.CoreService.Application.dll' because it is being used by another process. The file is locked by: "TTL.CoreService.Api (42852)" [d:\MONEY\2026\TAN_TAN_LOC\TTL_API\src\Services\CoreService\TTL.CoreService.Api\TTL.CoreService.Api.csproj]
C:\Program Files\dotnet\sdk\10.0.200-preview.0.26103.119\Microsoft.Common.CurrentVersion.targets(5094,5): warning MSB3026: Could not copy "d:\MONEY\2026\TAN_TAN_LOC\TTL_API\src\Services\CoreService\TTL.CoreService.Domain\bin\Debug\net10.0\TTL.CoreService.Domain.dll" to "bin\Debug\net10.0\TTL.CoreService.Domain.dll". Beginning retry 10 in 1000ms. The process cannot access the file 'd:\MONEY\2026\TAN_TAN_LOC\TTL_API\src\Services\CoreService\TTL.CoreService.Api\bin\Debug\net10.0\TTL.CoreService.Domain.dll' because it is being used by another process. The file is locked by: "TTL.CoreService.Api (42852)" [d:\MONEY\2026\TAN_TAN_LOC\TTL_API\src\Services\CoreService\TTL.CoreService.Api\TTL.CoreService.Api.csproj]
C:\Program Files\dotnet\sdk\10.0.200-preview.0.26103.119\Microsoft.Common.CurrentVersion.targets(5094,5): warning MSB3026: Could not copy "d:\MONEY\2026\TAN_TAN_LOC\TTL_API\src\Services\CoreService\TTL.CoreService.Infrastructure\bin\Debug\net10.0\TTL.CoreService.Infrastructure.dll" to "bin\Debug\net10.0\TTL.CoreService.Infrastructure.dll". Beginning retry 10 in 1000ms. The process cannot access the file 'd:\MONEY\2026\TAN_TAN_LOC\TTL_API\src\Services\CoreService\TTL.CoreService.Api\bin\Debug\net10.0\TTL.CoreService.Infrastructure.dll' because it is being used by another process. The file is locked by: "TTL.CoreService.Api (42852)" [d:\MONEY\2026\TAN_TAN_LOC\TTL_API\src\Services\CoreService\TTL.CoreService.Api\TTL.CoreService.Api.csproj]
C:\Program Files\dotnet\sdk\10.0.200-preview.0.26103.119\Microsoft.Common.CurrentVersion.targets(5094,5): warning MSB3026: Could not copy "d:\MONEY\2026\TAN_TAN_LOC\TTL_API\src\Shared\TTL.BuildingBlocks\bin\Debug\net10.0\TTL.BuildingBlocks.dll" to "bin\Debug\net10.0\TTL.BuildingBlocks.dll". Beginning retry 10 in 1000ms. The process cannot access the file 'd:\MONEY\2026\TAN_TAN_LOC\TTL_API\src\Services\CoreService\TTL.CoreService.Api\bin\Debug\net10.0\TTL.BuildingBlocks.dll' because it is being used by another process. The file is locked by: "TTL.CoreService.Api (42852)" [d:\MONEY\2026\TAN_TAN_LOC\TTL_API\src\Services\CoreService\TTL.CoreService.Api\TTL.CoreService.Api.csproj]
C:\Program Files\dotnet\sdk\10.0.200-preview.0.26103.119\Microsoft.Common.CurrentVersion.targets(5094,5): error MSB3027: Could not copy "d:\MONEY\2026\TAN_TAN_LOC\TTL_API\src\Services\CoreService\TTL.CoreService.Domain\bin\Debug\net10.0\TTL.CoreService.Domain.dll" to "bin\Debug\net10.0\TTL.CoreService.Domain.dll". Exceeded retry count of 10. Failed. The file is locked by: "TTL.CoreService.Api (42852)" [d:\MONEY\2026\TAN_TAN_LOC\TTL_API\src\Services\CoreService\TTL.CoreService.Api\TTL.CoreService.Api.csproj]
C:\Program Files\dotnet\sdk\10.0.200-preview.0.26103.119\Microsoft.Common.CurrentVersion.targets(5094,5): error MSB3021: Unable to copy file "d:\MONEY\2026\TAN_TAN_LOC\TTL_API\src\Services\CoreService\TTL.CoreService.Domain\bin\Debug\net10.0\TTL.CoreService.Domain.dll" to "bin\Debug\net10.0\TTL.CoreService.Domain.dll". The process cannot access the file 'd:\MONEY\2026\TAN_TAN_LOC\TTL_API\src\Services\CoreService\TTL.CoreService.Api\bin\Debug\net10.0\TTL.CoreService.Domain.dll' because it is being used by another process. [d:\MONEY\2026\TAN_TAN_LOC\TTL_API\src\Services\CoreService\TTL.CoreService.Api\TTL.CoreService.Api.csproj]
C:\Program Files\dotnet\sdk\10.0.200-preview.0.26103.119\Microsoft.Common.CurrentVersion.targets(5094,5): error MSB3027: Could not copy "d:\MONEY\2026\TAN_TAN_LOC\TTL_API\src\Services\CoreService\TTL.CoreService.Application\bin\Debug\net10.0\TTL.CoreService.Application.dll" to "bin\Debug\net10.0\TTL.CoreService.Application.dll". Exceeded retry count of 10. Failed. The file is locked by: "TTL.CoreService.Api (42852)" [d:\MONEY\2026\TAN_TAN_LOC\TTL_API\src\Services\CoreService\TTL.CoreService.Api\TTL.CoreService.Api.csproj]
C:\Program Files\dotnet\sdk\10.0.200-preview.0.26103.119\Microsoft.Common.CurrentVersion.targets(5094,5): error MSB3021: Unable to copy file "d:\MONEY\2026\TAN_TAN_LOC\TTL_API\src\Services\CoreService\TTL.CoreService.Application\bin\Debug\net10.0\TTL.CoreService.Application.dll" to "bin\Debug\net10.0\TTL.CoreService.Application.dll". The process cannot access the file 'd:\MONEY\2026\TAN_TAN_LOC\TTL_API\src\Services\CoreService\TTL.CoreService.Api\bin\Debug\net10.0\TTL.CoreService.Application.dll' because it is being used by another process. [d:\MONEY\2026\TAN_TAN_LOC\TTL_API\src\Services\CoreService\TTL.CoreService.Api\TTL.CoreService.Api.csproj]
C:\Program Files\dotnet\sdk\10.0.200-preview.0.26103.119\Microsoft.Common.CurrentVersion.targets(5094,5): error MSB3027: Could not copy "d:\MONEY\2026\TAN_TAN_LOC\TTL_API\src\Shared\TTL.BuildingBlocks\bin\Debug\net10.0\TTL.BuildingBlocks.dll" to "bin\Debug\net10.0\TTL.BuildingBlocks.dll". Exceeded retry count of 10. Failed. The file is locked by: "TTL.CoreService.Api (42852)" [d:\MONEY\2026\TAN_TAN_LOC\TTL_API\src\Services\CoreService\TTL.CoreService.Api\TTL.CoreService.Api.csproj]
C:\Program Files\dotnet\sdk\10.0.200-preview.0.26103.119\Microsoft.Common.CurrentVersion.targets(5094,5): error MSB3021: Unable to copy file "d:\MONEY\2026\TAN_TAN_LOC\TTL_API\src\Shared\TTL.BuildingBlocks\bin\Debug\net10.0\TTL.BuildingBlocks.dll" to "bin\Debug\net10.0\TTL.BuildingBlocks.dll". The process cannot access the file 'd:\MONEY\2026\TAN_TAN_LOC\TTL_API\src\Services\CoreService\TTL.CoreService.Api\bin\Debug\net10.0\TTL.BuildingBlocks.dll' because it is being used by another process. [d:\MONEY\2026\TAN_TAN_LOC\TTL_API\src\Services\CoreService\TTL.CoreService.Api\TTL.CoreService.Api.csproj]
C:\Program Files\dotnet\sdk\10.0.200-preview.0.26103.119\Microsoft.Common.CurrentVersion.targets(5094,5): error MSB3027: Could not copy "d:\MONEY\2026\TAN_TAN_LOC\TTL_API\src\Services\CoreService\TTL.CoreService.Infrastructure\bin\Debug\net10.0\TTL.CoreService.Infrastructure.dll" to "bin\Debug\net10.0\TTL.CoreService.Infrastructure.dll". Exceeded retry count of 10. Failed. The file is locked by: "TTL.CoreService.Api (42852)" [d:\MONEY\2026\TAN_TAN_LOC\TTL_API\src\Services\CoreService\TTL.CoreService.Api\TTL.CoreService.Api.csproj]
C:\Program Files\dotnet\sdk\10.0.200-preview.0.26103.119\Microsoft.Common.CurrentVersion.targets(5094,5): error MSB3021: Unable to copy file "d:\MONEY\2026\TAN_TAN_LOC\TTL_API\src\Services\CoreService\TTL.CoreService.Infrastructure\bin\Debug\net10.0\TTL.CoreService.Infrastructure.dll" to "bin\Debug\net10.0\TTL.CoreService.Infrastructure.dll". The process cannot access the file 'd:\MONEY\2026\TAN_TAN_LOC\TTL_API\src\Services\CoreService\TTL.CoreService.Api\bin\Debug\net10.0\TTL.CoreService.Infrastructure.dll' because it is being used by another process. [d:\MONEY\2026\TAN_TAN_LOC\TTL_API\src\Services\CoreService\TTL.CoreService.Api\TTL.CoreService.Api.csproj]
